RAM Allocation [bytes]
Variable                                                                          Address   Size
------------------------------------------------------------------------------------------------
str                                                                               0x0260      10
_seed                                                                             0x026A       4

EEPROM Allocation [bytes]
Variable                                                                          Address   Size
------------------------------------------------------------------------------------------------

Register Allocation
Variable                                                                          Register  Size
------------------------------------------------------------------------------------------------
temp0                                                                             R4,R5        2

FLASH Allocation [words]
Function                                                                          Address   Size
------------------------------------------------------------------------------------------------
read_adc                                                                          0x0006A     15
main                                                                              0x00079     49
ftoa                                                                              0x000AA    205
putchar                                                                           0x00177      7
puts                                                                              0x0017E     19
ftrunc                                                                            0x00191     49
floor                                                                             0x001C2     23
strcpyf                                                                           0x001D9     13
