RAM Allocation [bytes]
Variable                                                                          Address   Size
------------------------------------------------------------------------------------------------
Tempreture1                                                                       0x026E       4
Tempreture2                                                                       0x0272       4
T                                                                                 0x0276       4
Duty                                                                              0x027A       4
str                                                                               0x027E      10
_seed                                                                             0x0288       4
_base_y                                                                           0x028C       4

EEPROM Allocation [bytes]
Variable                                                                          Address   Size
------------------------------------------------------------------------------------------------

Register Allocation
Variable                                                                          Register  Size
------------------------------------------------------------------------------------------------
_lcd_x                                                                            R5           1
_lcd_y                                                                            R4           1
_lcd_maxx                                                                         R7           1

FLASH Allocation [words]
Function                                                                          Address   Size
------------------------------------------------------------------------------------------------
SPI_INT                                                                           0x00078    126
main                                                                              0x000F6     49
ftoa                                                                              0x00127    209
_lcd_delay_G102                                                                   0x001F8      4
_lcd_ready                                                                        0x001FC     17
_lcd_write_nibble_G102                                                            0x0020D     10
_lcd_write_data                                                                   0x00217     15
_lcd_read_nibble_G102                                                             0x00226      9
lcd_read_byte0_G102                                                               0x0022F      9
lcd_gotoxy                                                                        0x00238     16
lcd_clear                                                                         0x00248     19
lcd_putchar                                                                       0x0025B     26
lcd_puts                                                                          0x00275     17
_long_delay_G102                                                                  0x00286      5
_lcd_init_write_G102                                                              0x0028B     12
lcd_init                                                                          0x00297     51
strcpyf                                                                           0x002CA     13
ftrunc                                                                            0x002D7     49
floor                                                                             0x00308     23
